PHPUnit 11.5.55 by Sebastian Bergmann and contributors.

Runtime:       PHP 8.3.6
Configuration: C:\Users\Bankola\Desktop\git_projects\laravel-boilerplate\laravel-bollerplate\phpunit.xml

E.                                                                  2 / 2 (100%)

Time: 00:01.266, Memory: 46.00 MB

There was 1 error:

1) Tests\Feature\WelcomeMailTest::test_welcome_email_is_sent_on_registration
Illuminate\Database\QueryException: SQLSTATE[23000]: Integrity constraint violation: 19 NOT NULL constraint failed: users.uuid (Connection: sqlite, Database: :memory:, SQL: insert into "users" ("name", "email", "email_verified_at", "password", "remember_token", "two_factor_secret", "two_factor_recovery_codes", "two_factor_confirmed_at", "updated_at", "created_at") values (Test User, test@example.com, 2026-02-23 11:58:06, $2y$04$qA8p/CNNyLzk3zKn336cZOFBgUdNGUPHBMnwL/eWM2tE6zEiUEtja, a24DWk0LO9, ?, ?, ?, 2026-02-23 11:58:06, 2026-02-23 11:58:06))

C:\Users\Bankola\Desktop\git_projects\laravel-boilerplate\laravel-bollerplate\vendor\laravel\framework\src\Illuminate\Database\Connection.php:838
C:\Users\Bankola\Desktop\git_projects\laravel-boilerplate\laravel-bollerplate\vendor\laravel\framework\src\Illuminate\Database\Connection.php:794
C:\Users\Bankola\Desktop\git_projects\laravel-boilerplate\laravel-bollerplate\vendor\laravel\framework\src\Illuminate\Database\Connection.php:573
C:\Users\Bankola\Desktop\git_projects\laravel-boilerplate\laravel-bollerplate\vendor\laravel\framework\src\Illuminate\Database\Connection.php:537
C:\Users\Bankola\Desktop\git_projects\laravel-boilerplate\laravel-bollerplate\vendor\laravel\framework\src\Illuminate\Database\Query\Processors\Processor.php:32
C:\Users\Bankola\Desktop\git_projects\laravel-boilerplate\laravel-bollerplate\vendor\laravel\framework\src\Illuminate\Database\Query\Builder.php:4103
C:\Users\Bankola\Desktop\git_projects\laravel-boilerplate\laravel-bollerplate\vendor\laravel\framework\src\Illuminate\Database\Eloquent\Builder.php:2235
C:\Users\Bankola\Desktop\git_projects\laravel-boilerplate\laravel-bollerplate\vendor\laravel\framework\src\Illuminate\Database\Eloquent\Model.php:1436
C:\Users\Bankola\Desktop\git_projects\laravel-boilerplate\laravel-bollerplate\vendor\laravel\framework\src\Illuminate\Database\Eloquent\Model.php:1401
C:\Users\Bankola\Desktop\git_projects\laravel-boilerplate\laravel-bollerplate\vendor\laravel\framework\src\Illuminate\Database\Eloquent\Model.php:1240
C:\Users\Bankola\Desktop\git_projects\laravel-boilerplate\laravel-bollerplate\vendor\laravel\framework\src\Illuminate\Database\Eloquent\Factories\Factory.php:370
C:\Users\Bankola\Desktop\git_projects\laravel-boilerplate\laravel-bollerplate\vendor\laravel\framework\src\Illuminate\Collections\Traits\EnumeratesValues.php:275
C:\Users\Bankola\Desktop\git_projects\laravel-boilerplate\laravel-bollerplate\vendor\laravel\framework\src\Illuminate\Database\Eloquent\Factories\Factory.php:365
C:\Users\Bankola\Desktop\git_projects\laravel-boilerplate\laravel-bollerplate\vendor\laravel\framework\src\Illuminate\Database\Eloquent\Factories\Factory.php:321
C:\Users\Bankola\Desktop\git_projects\laravel-boilerplate\laravel-bollerplate\vendor\laravel\framework\src\Illuminate\Database\Eloquent\Factories\Factory.php:315
C:\Users\Bankola\Desktop\git_projects\laravel-boilerplate\laravel-bollerplate\tests\Feature\WelcomeMailTest.php:20

Caused by
PDOException: SQLSTATE[23000]: Integrity constraint violation: 19 NOT NULL constraint failed: users.uuid

C:\Users\Bankola\Desktop\git_projects\laravel-boilerplate\laravel-bollerplate\vendor\laravel\framework\src\Illuminate\Database\Connection.php:584
C:\Users\Bankola\Desktop\git_projects\laravel-boilerplate\laravel-bollerplate\vendor\laravel\framework\src\Illuminate\Database\Connection.php:827
C:\Users\Bankola\Desktop\git_projects\laravel-boilerplate\laravel-bollerplate\vendor\laravel\framework\src\Illuminate\Database\Connection.php:794
C:\Users\Bankola\Desktop\git_projects\laravel-boilerplate\laravel-bollerplate\vendor\laravel\framework\src\Illuminate\Database\Connection.php:573
C:\Users\Bankola\Desktop\git_projects\laravel-boilerplate\laravel-bollerplate\vendor\laravel\framework\src\Illuminate\Database\Connection.php:537
C:\Users\Bankola\Desktop\git_projects\laravel-boilerplate\laravel-bollerplate\vendor\laravel\framework\src\Illuminate\Database\Query\Processors\Processor.php:32
C:\Users\Bankola\Desktop\git_projects\laravel-boilerplate\laravel-bollerplate\vendor\laravel\framework\src\Illuminate\Database\Query\Builder.php:4103
C:\Users\Bankola\Desktop\git_projects\laravel-boilerplate\laravel-bollerplate\vendor\laravel\framework\src\Illuminate\Database\Eloquent\Builder.php:2235
C:\Users\Bankola\Desktop\git_projects\laravel-boilerplate\laravel-bollerplate\vendor\laravel\framework\src\Illuminate\Database\Eloquent\Model.php:1436
C:\Users\Bankola\Desktop\git_projects\laravel-boilerplate\laravel-bollerplate\vendor\laravel\framework\src\Illuminate\Database\Eloquent\Model.php:1401
C:\Users\Bankola\Desktop\git_projects\laravel-boilerplate\laravel-bollerplate\vendor\laravel\framework\src\Illuminate\Database\Eloquent\Model.php:1240
C:\Users\Bankola\Desktop\git_projects\laravel-boilerplate\laravel-bollerplate\vendor\laravel\framework\src\Illuminate\Database\Eloquent\Factories\Factory.php:370
C:\Users\Bankola\Desktop\git_projects\laravel-boilerplate\laravel-bollerplate\vendor\laravel\framework\src\Illuminate\Collections\Traits\EnumeratesValues.php:275
C:\Users\Bankola\Desktop\git_projects\laravel-boilerplate\laravel-bollerplate\vendor\laravel\framework\src\Illuminate\Database\Eloquent\Factories\Factory.php:365
C:\Users\Bankola\Desktop\git_projects\laravel-boilerplate\laravel-bollerplate\vendor\laravel\framework\src\Illuminate\Database\Eloquent\Factories\Factory.php:321
C:\Users\Bankola\Desktop\git_projects\laravel-boilerplate\laravel-bollerplate\vendor\laravel\framework\src\Illuminate\Database\Eloquent\Factories\Factory.php:315
C:\Users\Bankola\Desktop\git_projects\laravel-boilerplate\laravel-bollerplate\tests\Feature\WelcomeMailTest.php:20

ERRORS!
Tests: 2, Assertions: 3, Errors: 1.
